[H[J[3J[H[J[3J[H[J[3J[H[J[3J[H[J[3J[H[J[3J[H[J[3J[H[J[3J[H[J[3J    XXX        XX     X    X  
     XX             X X       
    X     XXX    X XXX     X X
            X      XX      X  
        XXXXX             X XX
          XXXXXX          XX  
     X X    XX            XX X
         XXX             XXX X
    XX            X X   X XX X
X X X               X X    X X
       X              X  X    
                         XXX  
            X         X X  X  
            X   X   X    XX   
    XX X                      
X  XX  XX X      XX       XXX 
X XXX  XX     X  X            
       X         XX      X  X 
 X   XX       XXXX X  X     X 
 X    XX      XX X X    XX    
       X       X X       X  X 
     X                 X  X   
       X   XXX        X  X    
 X XXXX  XX XX       X  XX    
 X   X X  X       X  X  X     
 XX    X X    XX     XX  X X X
 X XX XX   XX  X X X X  XX X X
 XXXXXX X  X X X    XXX   XXXX
XX X  X   X    X X  XX   XX XX
      X       XXX        XXXXX
    X  X      X X    X     X  
      X    X    X  XX X     X 
     X     XX     X         X 
             X    XX X    XX X
         X    X           X X 
        X     X          X   X
         X                    
X   XXX   XXX                X
   XXX    X        X X       X
X  XXX             X   X X X X
                     X   X XX 
                       XXX X  
                        X  X  
                         XX   
   XXXXXX        X       X    
 XX      X       XX        X X
 XX X X  X      X         X X 
 XXXXX XX     X              X
     X        X    X    XX    
     X X         X      XX    
       X      XX  X      XX   
      X     X           XXX   
          XX X        XX XX   
  X XX XXXX  X       XXXXX    
 X X X X  XX XX     XX XX X   
 X XXX X  XX  XXX X  XXX X    
          XXXX X       XXX   X
          XX   X  XX  X X     
 X X  X             X X       
    X XX      X  X   X   X    
       X        XX   XX       
     XX    XX  X X XXX     XX 
           XX    XX  X      XX
            XX    XX      X  X
             XX          XX XX
        XX                    
X    X   XXX                 X
X  X  X  XXX                 X
          X         X         
X  X X                X X  X X
    X                 XX X X X
                       X X X  
                       X   X  
    XXXX                XXX   
  XXXXXXX        XX      X    
XX       X      XXX       XXX 
    X XX X       X         XXX
XX     XX      X         X    
  XX X XX               XX    
              XX  X           
       X                      
           XXXX        X   X  
     XXXX XX X       X        
  XXXX XX    X      X         
 X     X     X      X     X   
X  X X   X      X   XX    X   
    X    X   X   XXX X   X    
          X   X    X XX XX    
     XXX          XXX XX      
   XX XX       X    XXX       
    X  X       X XXX          
      X    XX      X       XXX
                XX   X       X
X          X  X  XXX     XX   
            XXX          XXXXX
X       XX                  X 
X          X                 X
X                            X
    X    XXX                X 
X   X                XX X X  X
X   X                 X  X X X
                       X   X  
     XX                X   X  
        X               XXX   
 XXX    X       X X     X     
XXX      X      X         X   
      XX X       XX           
XXXXXX   X              XXX XX
 XX   XXX     XX        XX    
      XXX                     
            X  X              
        X XX XX               
   X X  XXXX                  
  XXXX   X   XX     XX        
 X   X X           XX         
    X   X        XX  X   XX   
    X    XX      XXX    XXX   
     XX          X      XX    
    XX X          X     X     
    X   X       XXX           
     X X           X        X 
                   XX       XX
X          XX   XX XX     XX X
X           X XXXXX      X    
X           XXX   X      X  X 
X           XX            X   
 X                          X 
X          X                X 
          X                 X 
X  XXX    X          XXX XXX  
X                    XX XX X X
     X                XXX  X  
                       X X X  
  X    X               XXXX   
X  X    XX       X      X X   
X  X   X X      X X           
    XXX  XX      X        XX  
X  XXX   X              X X  X
    X    X              X X  X
      X X     XX              
        XX XXXX               
        X    XX               
  XX X  X  X                  
  XX X   X         XXX        
  X  XX X         XX          
    XX  XX       X      X X   
    X    X      X  X          
      X          X X   X  X   
    X  X        X X     XX    
   XX XXX       X             
    XX XX          XX       XX
X                             
X          XXX      X     XX  
XX            X          X XX 
XX         X    X X      XX   
XX          X X            X  
XX          X              X  
                           XX 
    X     XX          X   X X 
X   X                X X X X  
X    X                     X X
                     X     X  
                           X  
        X              X   X  
 XXX   X X       X     XX X   
   X XXX        X X      XXX  
X     X  XX      X       XXX X
X  X  X XX                X XX
X  XX   XX                   X
       XX X X XX              
        XX  X                 
       XX XX  X               
  XX    XX          X         
 X   X XXX        XXX         
  X   XXX         XX          
   XX XXXX       X X          
    X   XX      XX       X    
     X          XX X    XX    
   XX   X       X X     XX    
   XX   X        X            
   XXX XX                    X
X           X      XX      XX 
X           XX            XXX 
           X X           X  X 
  X          X X         X  X 
  X        XXX             X X
XX           X            XX X
           X              X XX
                      X   X XX
X   XX                X    X  
X                     X    X X
                          XX  
                          XXX 
  X     X              XX XX  
  XXX  X         X     XX     
XX XXX X XX     X X         X 
X   X    XX      X            
 X XXX                   XX   
X  XX     X                 X 
       X  XX X                
            X XX              
       X  XX                  
  X   X             X         
 X X              X X         
  XXX            X            
   XX X         XX X          
   XX X  X              XX    
   X X  XX     X          X   
   X X          X X     XX    
        XX       XXX          
    X  XXX          X       XX
X   X       XX            X   
           X X            X   
             X           X  X 
           X X            XXXX
  X          X             X X
 X         X X            X   
                         XX   
X                         X   
X                    XXX  XX  
X                          X X
                             X
                            X 
  X                    XX X X 
     XXX X       X     XXX X  
XX   XX  XX     X X          X
X     X XXX      X           X
XXX  X   XX                  X
  XX X    XX                  
          XXXXX               
            XXX               
           X                  
  X                X          
 X  X              X          
     X          XX X          
                XXX           
  X   XXXX      X        X    
  XX XX XX                X   
                X XX     X    
   X XXXXX       XXX          
   XX    X        XX         X
        X   XX             X X
             XX          XXX  
             XX          X  XX
             XX           X  X
X            XX              X
            X            XXX  
                         XXX  
                      X       
XX                    X   XXX 
X                     X   XX X
X                            X
                           XXX
      X                X  X X 
XX   X XXXX      X     X XXXXX
 X              X X     X   XX
  X   XXX  X     X          X 
  XXXXX X                    X
X XXX        X                
          X   X               
          X   X               
            XX                
                              
                   XX         
        [H[J[3J        X  X          
      XXX      X  X           
  XX XX  X      X             
  XX XX  X       X       XX   
  XX               X          
    XXX  X       X  X         
