[0] = 16
[1] = 64
[2] = 225
[3] = 256
[4] = 529
[5] = 1764

