This is the header


[4] = 16
[8] = 64
[15] = 225
[16] = 256
[23] = 529
[42] = 1764

